<!DOCTYPE html>
<html>
  <head>
    <title>Names</title>
  </head>
  <body>
    <ul>
      <li>Mr. Ezekiel Riker</li>
      <li>Mr. Klem Fitzsimmons</li>
      <li>Mr. Larson Picard</li>
    </ul>
  </body>
</html>
