// nominal.template
hb-interpolate-helpers
git+https://github.com/tmarrs/hb-interpolate-helpers.git
Tom Marrs <mailto:Tom Marrs>
